

Thu Sep 19 18:40:41 2024
Command line: TestDisk

TestDisk 7.1, Data Recovery Utility, July 2019
Christophe GRENIER <grenier@cgsecurity.org>
https://www.cgsecurity.org
OS: Linux, kernel 5.15.153.1-microsoft-standard-WSL2 (#1 SMP Fri Mar 29 23:14:13 UTC 2024) x86_64
Compiler: GCC 11.2
ext2fs lib: 1.46.5, ntfs lib: libntfs-3g, reiserfs lib: none, ewf lib: none, curses lib: ncurses 6.3
Warning: can't get size for Disk /dev/mapper/control - 0 B - 0 sectors, sector size=512
Warning: can't get size for Disk /dev/loop3 - 0 B - 0 sectors, sector size=512
Warning: can't get size for Disk /dev/loop4 - 0 B - 0 sectors, sector size=512
Warning: can't get size for Disk /dev/loop5 - 0 B - 0 sectors, sector size=512
Warning: can't get size for Disk /dev/loop6 - 0 B - 0 sectors, sector size=512
Warning: can't get size for Disk /dev/loop7 - 0 B - 0 sectors, sector size=512
Hard disk list
Disk /dev/sda - 407 MB / 388 MiB - CHS 49 255 63 (RO), sector size=512 - Msft Virtual Disk, FW:1.0
Disk /dev/sdb - 1073 MB / 1024 MiB - CHS 130 255 63, sector size=512 - Msft Virtual Disk, FW:1.0
Disk /dev/sdc - 1099 GB / 1024 GiB - CHS 133674 255 63, sector size=512 - Msft Virtual Disk, FW:1.0
Disk /dev/sdd - 1099 GB / 1024 GiB - CHS 133674 255 63, sector size=512 - Msft Virtual Disk, FW:1.0
Disk /dev/sde - 1099 GB / 1024 GiB - CHS 133674 255 63, sector size=512 - Msft Virtual Disk, FW:1.0
Disk /dev/loop0 - 481 MB / 459 MiB - 941276 sectors (RO), sector size=512
Disk /dev/loop1 - 304 MB / 290 MiB - 594428 sectors (RO), sector size=512
Disk /dev/loop2 - 731 MB / 697 MiB - 1428224 sectors (RO), sector size=512


TestDisk exited normally.
